SM@ACER-SM MINGW64 /c/Git/test1 (main)
$ git init
Initialized empty Git repository in C:/Git/test1/.git/

SM@ACER-SM MINGW64 /c/Git/test1 (main)
$ git config --global user.name "Mlynnik Semen"

SM@ACER-SM MINGW64 /c/Git/test1 (main)
$ git config --global user.email mlynnik@sfedu.ru

SM@ACER-SM MINGW64 /c/Git/test1 (main)
$ git config --global init.defaultBranch main

SM@ACER-SM MINGW64 /c/Git/test1 (main)
$ git push
fatal: No configured push destination.
Either specify the URL from the command-line or configure a remote repository using

    git remote add <name> <url>

and then push using the remote name

    git push <name>


SM@ACER-SM MINGW64 /c/Git/test1 (main)
$ git remote add main https://github.com/Mlynnik/test1.git

SM@ACER-SM MINGW64 /c/Git/test1 (main)
$ git push main
fatal: The current branch main has no upstream branch.
To push the current branch and set the remote as upstream, use

    git push --set-upstream main main

To have this happen automatically for branches without a tracking
upstream, see 'push.autoSetupRemote' in 'git help config'.


SM@ACER-SM MINGW64 /c/Git/test1 (main)
$ ^C

SM@ACER-SM MINGW64 /c/Git/test1 (main)
$ git push.autoSetupRemote true
git: 'push.autoSetupRemote' is not a git command. See 'git --help'.

SM@ACER-SM MINGW64 /c/Git/test1 (main)
$ git autoSetupRemote true
git: 'autoSetupRemote' is not a git command. See 'git --help'.

SM@ACER-SM MINGW64 /c/Git/test1 (main)
$ git push autoSetupRemote true
error: src refspec true does not match any
error: failed to push some refs to 'autoSetupRemote'

SM@ACER-SM MINGW64 /c/Git/test1 (main)
$ git config autoSetupRemote true
error: key does not contain a section: autoSetupRemote

SM@ACER-SM MINGW64 /c/Git/test1 (main)
$ git config push.autoSetupRemote true

SM@ACER-SM MINGW64 /c/Git/test1 (main)
$ git push main
error: src refspec refs/heads/main does not match any
error: failed to push some refs to 'https://github.com/Mlynnik/test1.git'

SM@ACER-SM MINGW64 /c/Git/test1 (main)
$ git remote add origin https://github.com/Mlynnik/test1.git

SM@ACER-SM MINGW64 /c/Git/test1 (main)
$ git branch -M main

SM@ACER-SM MINGW64 /c/Git/test1 (main)
$ git push -u origin main
error: src refspec main does not match any
error: failed to push some refs to 'https://github.com/Mlynnik/test1.git'

SM@ACER-SM MINGW64 /c/Git/test1 (main)
$ ^C

SM@ACER-SM MINGW64 /c/Git/test1 (main)
$ git add .

SM@ACER-SM MINGW64 /c/Git/test1 (main)
$ git commit -m "firas commit"
[main (root-commit) ce1a6fc] firas commit
 1 file changed, 8 insertions(+)
 create mode 100644 hello.pas

SM@ACER-SM MINGW64 /c/Git/test1 (main)
$ git push origin main
Enumerating objects: 3, done.
Counting objects: 100% (3/3), done.
Delta compression using up to 4 threads
Compressing objects: 100% (2/2), done.
Writing objects: 100% (3/3), 373 bytes | 186.00 KiB/s, done.
Total 3 (delta 0), reused 0 (delta 0), pack-reused 0
To https://github.com/Mlynnik/test1.git
 * [new branch]      main -> main

SM@ACER-SM MINGW64 /c/Git/test1 (main)
$ git add hello.pas

SM@ACER-SM MINGW64 /c/Git/test1 (main)
$ git commit -m "Коммит 1"
[main 34143b4] Коммит 1
 1 file changed, 1 insertion(+)

SM@ACER-SM MINGW64 /c/Git/test1 (main)
$ git push
Enumerating objects: 5, done.
Counting objects: 100% (5/5), done.
Delta compression using up to 4 threads
Compressing objects: 100% (2/2), done.
Writing objects: 100% (3/3), 312 bytes | 312.00 KiB/s, done.
Total 3 (delta 1), reused 0 (delta 0), pack-reused 0
remote: Resolving deltas: 100% (1/1), completed with 1 local object.
To https://github.com/Mlynnik/test1.git
   ce1a6fc..34143b4  main -> main
branch 'main' set up to track 'origin/main'.
